# Copyright 2018, Juniper Networks Pvt Ltd.
# All rights reserved.
# This pushes the golden/known-good configuration. This is an overwrite function so any config on the device will be removed and then replaced.
# command example: ansible-playbook --ask-vault-pass pb.configure.golden.yml --extra-vars "lab=base/ospf/isis/bgp"
# Successfully ran on ansible version: ansible 2.4.2.0: ansible-galaxy list Juniper.junos,1.4.3
---
 
 - name: push golden configuration on junos devices
   hosts: junos-ssh
   connection: local
   gather_facts: no    
   tasks:


   - name: push golden configuration on junos devices
     junos_config:
      backup: yes
      comment: golden configuration pushed by Ansible using playbook pb.configure.golden.yml
      provider: "{{ credentials }}"
      src: "{{ playbook_dir }}/golden_configuration/{{ lab }}_underlay_evpn_vxlan_overlay/{{ inventory_hostname }}.conf"
      update: override
      src_format: text
